●─┬─╮ Commit A - merge B, C, and E
● │ │ Commit B - after F
│ ● │ Commit C - after F
│ │ ● Commit E - after Z
●─╯ │ Commit F - merge G and I
●─│─│─╮ Commit F - merge H and I
● │ │ │ Commit H - after I
●─┴─│─╯ Commit I - after Z
◎───╯ Commit Z
