●─╮ Commit A - Merge C into B
│ ●─╮ Commit C - Merge D into B
●─╯ │ Commit B after E
● ╭─╯ Commit E after D
◎─╯ Commit D
