●─╮ Commit A - merge B and C
│ ● Commit C after D
●─│─╮ Commit B - merge E and D
│ ●─╯ Commit D after F
◎ │ Commit E
◎─╯ Commit F
